------------------------------------------------------------------------------------------------------
      name:  <unnamed>
       log:  D:\User_Data\Documents\GitHub\1_Million\cd20210211weekd_Sep.log
  log type:  text
 opened on:  22 Apr 2021, 15:53:21

. 
. 
. // global datapath "F:\1Million\Documentation\"
. global datapath "D:\User_Data\Desktop\kan-2\1_Million\raw data"

. // global datapath "d:\1Million\Documentation\"
. global dayrange "60" 

. global wrange "8"

. local  dayrange =$dayrange

. local  wrange =$wrange

. local year1=2004

. local year2=2005

. local yr1=substr("`year1'",3,2)

. local yr2=substr("`year2'",3,2)

. if `year2'==2006{
.                    local march20="0918"
.                 }

. if `year2'==2005{
.                    local march20="0917"
.                 }

. 
.  local datatype = "temp"

. //local datatype = "all"
. 
. global dataCD04temp "CD`year1'_one_tenth.dta"

. global dataCD04all  "CD`year1'.dta"

. 
. global dataCD05temp "CD`year2'_one_tenth.dta"

. global dataCD05all  "CD`year2'.dta"

. 
. //create R(+-30 days of specific Saturday `year1'0320 )
. use $datapath\${dataCD04`datatype'} ,clear
invalid 'data' 
r(198);

end of do-file

r(198);

